22:17:04 **** Incremental Build of configuration Debug for project GPIO_Application_2 ****
make -j11 all 
arm-none-eabi-gcc "../Src/main.c" -mcpu=cortex-m4 -std=gnu11 -g3 -DDEBUG -DSTM32 -DSTM32F4 -DSTM32F446RETx -DNUCLEO_F446RE -DSTM32F446xx -c -I../Inc -I"/Users/gudise/STM32CubeIDE/workspace_1.18.1/Bootloader/Bootloader_development/GPIO_Application_2/Chip_headers/CMSIS/Include" -I"/Users/gudise/STM32CubeIDE/workspace_1.18.1/Bootloader/Bootloader_development/GPIO_Application_2/Chip_headers/CMSIS/Device/ST/STM32F4xx/Include" -O0 -ffunction-sections -fdata-sections -Wall -fstack-usage -fcyclomatic-complexity -MMD -MP -MF"Src/main.d" -MT"Src/main.o" --specs=nano.specs -mfpu=fpv4-sp-d16 -mfloat-abi=hard -mthumb -o "Src/main.o"
arm-none-eabi-gcc -o "GPIO_Application_2.elf" @"objects.list"   -mcpu=cortex-m4 -T"/Users/gudise/STM32CubeIDE/workspace_1.18.1/Bootloader/Bootloader_development/GPIO_Application_2/STM32F446RETX_FLASH.ld" --specs=nosys.specs -Wl,-Map="GPIO_Application_2.map" -Wl,--gc-sections -static --specs=nano.specs -mfpu=fpv4-sp-d16 -mfloat-abi=hard -mthumb -Wl,--start-group -lc -lm -Wl,--end-group
Finished building target: GPIO_Application_2.elf
 
arm-none-eabi-size  GPIO_Application_2.elf 
arm-none-eabi-objdump -h -S GPIO_Application_2.elf  > "GPIO_Application_2.list"
   text	   data	    bss	    dec	    hex	filename
   1300	      0	   1568	   2868	    b34	GPIO_Application_2.elf
Finished building: default.size.stdout
 
Finished building: GPIO_Application_2.list
 
22:17:12 **** Incremental Build of configuration Debug for project Bare_metal_Bootloader ****
make -j11 all 
arm-none-eabi-size  Bare_metal_Bootloader.elf 
   text	   data	    bss	    dec	    hex	filename
   1752	      0	   1568	   3320	    cf8	Bare_metal_Bootloader.elf
Finished building: default.size.stdout
 
22:17:31 **** Incremental Build of configuration Debug for project GPIO_Application ****
make -j11 all 
arm-none-eabi-size  GPIO_Application.elf 
   text	   data	    bss	    dec	    hex	filename
   1300	      0	   1568	   2868	    b34	GPIO_Application.elf
Finished building: default.size.stdout
 
22:17:44 **** Incremental Build of configuration Debug for project GPIO_Application_2 ****
make -j11 all 
arm-none-eabi-size  GPIO_Application_2.elf 
   text	   data	    bss	    dec	    hex	filename
   1300	      0	   1568	   2868	    b34	GPIO_Application_2.elf
Finished building: default.size.stdout
 
22:20:22 **** Incremental Build of configuration Debug for project Bare_metal_Bootloader ****
make -j11 all 
arm-none-eabi-gcc "../Src/main.c" -mcpu=cortex-m4 -std=gnu11 -g3 -DDEBUG -DSTM32 -DSTM32F4 -DSTM32F446RETx -DNUCLEO_F446RE -DSTM32F446xx -c -I../Inc -I/Users/gudise/STM32CubeIDE/workspace_1.18.1/Bootloader/Bootloader_development/Bare_metal_Bootloader/Chip_headers/CMSIS/Device/ST/STM32F4xx/Include -I/Users/gudise/STM32CubeIDE/workspace_1.18.1/Bootloader/Bootloader_development/Bare_metal_Bootloader/Chip_headers/CMSIS/Include -O0 -ffunction-sections -fdata-sections -Wall -fstack-usage -fcyclomatic-complexity -MMD -MP -MF"Src/main.d" -MT"Src/main.o" --specs=nano.specs -mfpu=fpv4-sp-d16 -mfloat-abi=hard -mthumb -o "Src/main.o"
arm-none-eabi-gcc -o "Bare_metal_Bootloader.elf" @"objects.list"   -mcpu=cortex-m4 -T"/Users/gudise/STM32CubeIDE/workspace_1.18.1/Bootloader/Bootloader_development/Bare_metal_Bootloader/STM32F446RETX_FLASH.ld" --specs=nosys.specs -Wl,-Map="Bare_metal_Bootloader.map" -Wl,--gc-sections -static --specs=nano.specs -mfpu=fpv4-sp-d16 -mfloat-abi=hard -mthumb -Wl,--start-group -lc -lm -Wl,--end-group
Finished building target: Bare_metal_Bootloader.elf
 
arm-none-eabi-size  Bare_metal_Bootloader.elf 
arm-none-eabi-objdump -h -S Bare_metal_Bootloader.elf  > "Bare_metal_Bootloader.list"
   text	   data	    bss	    dec	    hex	filename
   1768	      0	   1568	   3336	    d08	Bare_metal_Bootloader.elf
Finished building: default.size.stdout
 
Finished building: Bare_metal_Bootloader.list
 
